{"type": "FeatureCollection", "features": [{"type": "Feature", "geometry": {"type": "Polygon", "coordinates": [[[-138.18, 53.65], [-138.31, 50.96], [-138.88, 47.93], [-140.83, 45.53], [-143.49, 47.67], [-148.96, 39.82], [-151.97, 45.31], [-143.64, 48.08], [-150.18, 51.49], [-143.87, 49.64], [-138.18, 53.65]]]}, "properties": {"area": 501528687557.74695}}, {"type": "Feature", "geometry": {"type": "Polygon", "coordinates": [[[73.4, 80.49], [78.07, 82.53], [81.66, 76.94], [76.25, 72.81], [70.84, 71.96], [67.61, 75.04], [65.18, 80.18], [64.9, 80.72], [69.14, 81.01], [70.52, 82.34], [73.4, 80.49]]]}, "properties": {"area": 294482961341.2758}}, {"type": "Feature", "geometry": {"type": "Polygon", "coordinates": [[[-58.9, -9.66], [-59.81, -18.43], [-58.49, -20.97], [-60.79, -21.95], [-61.11, -18.93], [-63.96, -22.63], [-66.26, -20.13], [-67.51, -15.5], [-64.73, -15.12], [-61.33, -17.86], [-58.9, -9.66]]]}, "properties": {"area": 486233780618.0112}}, {"type": "Feature", "geometry": {"type": "Polygon", "coordinates": [[[-28.06, -11.0], [-27.94, -13.36], [-32.31, -15.65], [-29.73, -19.47], [-34.47, -19.12], [-35.21, -15.75], [-34.88, -15.34], [-39.15, -13.25], [-39.61, -9.36], [-33.57, -9.16], [-28.06, -11.0]]]}, "properties": {"area": 850713020250.7839}}, {"type": "Feature", "geometry": {"type": "Polygon", "coordinates": [[[72.86, -25.59], [73.98, -24.59], [81.33, -26.26], [75.71, -30.19], [72.77, -26.13], [65.07, -29.42], [63.42, -23.07], [68.07, -20.87], [69.98, -22.4], [70.32, -20.845], [72.86, -25.59]]]}, "properties": {"area": 827295159516.4318}}, {"type": "Feature", "geometry": {"type": "Polygon", "coordinates": [[[59.82, 3.62], [63.44, 5.39], [59.77, 2.28], [62.12, 0.66], [59.41, -4.4], [59.53, 1.52], [57.95, -1.07], [51.56, 1.65], [53.61, 7.65], [59.27, 4.05], [59.82, 3.62]]]}, "properties": {"area": 659721063774.5266}}]}
